Test "case-00"
Test "case-01"
Test "case-02"
Test "case-03"
Test "case-04"
Test "case-05"
Test "case-06"
Test "case-07"
Test "case-08"
Test "case-09"
Test "case-10"
Test "case-11"
Test "case-12"
Test "case-13"
Test "case-14"
Test "case-15"
Test "case-16"
Test "case-17"
Test "case-18"
Test "case-19"
Test "case-20"
Test "case-21"
Test "case-22"
0a1,10
> Dictionary
> 0: a
> 1: b
> Ordered Word Ladder Graph
> V=2, E=1
> <0 1> 
> <1 0> 
> Longest ladder length: 2
> Longest ladders:
>  1: a -> b
Test "case-23"
0a1,38
> Dictionary
> 0: a
> 1: b
> 2: c
> 3: d
> 4: e
> 5: f
> 6: g
> 7: h
> 8: i
> 9: j
> 10: k
> 11: l
> 12: m
> 13: n
> 14: o
> 15: p
> Ordered Word Ladder Graph
> V=16, E=120
> <0 1> <0 2> <0 3> <0 4> <0 5> <0 6> <0 7> <0 8> <0 9> <0 10> <0 11> <0 12> <0 13> <0 14> <0 15> 
> <1 0> <1 2> <1 3> <1 4> <1 5> <1 6> <1 7> <1 8> <1 9> <1 10> <1 11> <1 12> <1 13> <1 14> <1 15> 
> <2 0> <2 1> <2 3> <2 4> <2 5> <2 6> <2 7> <2 8> <2 9> <2 10> <2 11> <2 12> <2 13> <2 14> <2 15> 
> <3 0> <3 1> <3 2> <3 4> <3 5> <3 6> <3 7> <3 8> <3 9> <3 10> <3 11> <3 12> <3 13> <3 14> <3 15> 
> <4 0> <4 1> <4 2> <4 3> <4 5> <4 6> <4 7> <4 8> <4 9> <4 10> <4 11> <4 12> <4 13> <4 14> <4 15> 
> <5 0> <5 1> <5 2> <5 3> <5 4> <5 6> <5 7> <5 8> <5 9> <5 10> <5 11> <5 12> <5 13> <5 14> <5 15> 
> <6 0> <6 1> <6 2> <6 3> <6 4> <6 5> <6 7> <6 8> <6 9> <6 10> <6 11> <6 12> <6 13> <6 14> <6 15> 
> <7 0> <7 1> <7 2> <7 3> <7 4> <7 5> <7 6> <7 8> <7 9> <7 10> <7 11> <7 12> <7 13> <7 14> <7 15> 
> <8 0> <8 1> <8 2> <8 3> <8 4> <8 5> <8 6> <8 7> <8 9> <8 10> <8 11> <8 12> <8 13> <8 14> <8 15> 
> <9 0> <9 1> <9 2> <9 3> <9 4> <9 5> <9 6> <9 7> <9 8> <9 10> <9 11> <9 12> <9 13> <9 14> <9 15> 
> <10 0> <10 1> <10 2> <10 3> <10 4> <10 5> <10 6> <10 7> <10 8> <10 9> <10 11> <10 12> <10 13> <10 14> <10 15> 
> <11 0> <11 1> <11 2> <11 3> <11 4> <11 5> <11 6> <11 7> <11 8> <11 9> <11 10> <11 12> <11 13> <11 14> <11 15> 
> <12 0> <12 1> <12 2> <12 3> <12 4> <12 5> <12 6> <12 7> <12 8> <12 9> <12 10> <12 11> <12 13> <12 14> <12 15> 
> <13 0> <13 1> <13 2> <13 3> <13 4> <13 5> <13 6> <13 7> <13 8> <13 9> <13 10> <13 11> <13 12> <13 14> <13 15> 
> <14 0> <14 1> <14 2> <14 3> <14 4> <14 5> <14 6> <14 7> <14 8> <14 9> <14 10> <14 11> <14 12> <14 13> <14 15> 
> <15 0> <15 1> <15 2> <15 3> <15 4> <15 5> <15 6> <15 7> <15 8> <15 9> <15 10> <15 11> <15 12> <15 13> <15 14> 
> Longest ladder length: 16
> Longest ladders:
>  1: a -> b -> c -> d -> e -> f -> g -> h -> i -> j -> k -> l -> m -> n -> o -> p
Test "case-24"
0a1,22
> Dictionary
> 0: a
> 1: b
> 2: c
> 3: d
> 4: e
> 5: f
> 6: h
> 7: i
> Ordered Word Ladder Graph
> V=8, E=28
> <0 1> <0 2> <0 3> <0 4> <0 5> <0 6> <0 7> 
> <1 0> <1 2> <1 3> <1 4> <1 5> <1 6> <1 7> 
> <2 0> <2 1> <2 3> <2 4> <2 5> <2 6> <2 7> 
> <3 0> <3 1> <3 2> <3 4> <3 5> <3 6> <3 7> 
> <4 0> <4 1> <4 2> <4 3> <4 5> <4 6> <4 7> 
> <5 0> <5 1> <5 2> <5 3> <5 4> <5 6> <5 7> 
> <6 0> <6 1> <6 2> <6 3> <6 4> <6 5> <6 7> 
> <7 0> <7 1> <7 2> <7 3> <7 4> <7 5> <7 6> 
> Longest ladder length: 8
> Longest ladders:
>  1: a -> b -> c -> d -> e -> f -> h -> i
Test "case-25"
0a1,58
> Dictionary
> 0: a
> 1: b
> 2: c
> 3: d
> 4: e
> 5: f
> 6: g
> 7: h
> 8: i
> 9: j
> 10: k
> 11: l
> 12: m
> 13: n
> 14: o
> 15: p
> 16: q
> 17: r
> 18: s
> 19: t
> 20: u
> 21: v
> 22: w
> 23: x
> 24: y
> 25: z
> Ordered Word Ladder Graph
> V=26, E=325
> <0 1> <0 2> <0 3> <0 4> <0 5> <0 6> <0 7> <0 8> <0 9> <0 10> <0 11> <0 12> <0 13> <0 14> <0 15> <0 16> <0 17> <0 18> <0 19> <0 20> <0 21> <0 22> <0 23> <0 24> <0 25> 
> <1 0> <1 2> <1 3> <1 4> <1 5> <1 6> <1 7> <1 8> <1 9> <1 10> <1 11> <1 12> <1 13> <1 14> <1 15> <1 16> <1 17> <1 18> <1 19> <1 20> <1 21> <1 22> <1 23> <1 24> <1 25> 
> <2 0> <2 1> <2 3> <2 4> <2 5> <2 6> <2 7> <2 8> <2 9> <2 10> <2 11> <2 12> <2 13> <2 14> <2 15> <2 16> <2 17> <2 18> <2 19> <2 20> <2 21> <2 22> <2 23> <2 24> <2 25> 
> <3 0> <3 1> <3 2> <3 4> <3 5> <3 6> <3 7> <3 8> <3 9> <3 10> <3 11> <3 12> <3 13> <3 14> <3 15> <3 16> <3 17> <3 18> <3 19> <3 20> <3 21> <3 22> <3 23> <3 24> <3 25> 
> <4 0> <4 1> <4 2> <4 3> <4 5> <4 6> <4 7> <4 8> <4 9> <4 10> <4 11> <4 12> <4 13> <4 14> <4 15> <4 16> <4 17> <4 18> <4 19> <4 20> <4 21> <4 22> <4 23> <4 24> <4 25> 
> <5 0> <5 1> <5 2> <5 3> <5 4> <5 6> <5 7> <5 8> <5 9> <5 10> <5 11> <5 12> <5 13> <5 14> <5 15> <5 16> <5 17> <5 18> <5 19> <5 20> <5 21> <5 22> <5 23> <5 24> <5 25> 
> <6 0> <6 1> <6 2> <6 3> <6 4> <6 5> <6 7> <6 8> <6 9> <6 10> <6 11> <6 12> <6 13> <6 14> <6 15> <6 16> <6 17> <6 18> <6 19> <6 20> <6 21> <6 22> <6 23> <6 24> <6 25> 
> <7 0> <7 1> <7 2> <7 3> <7 4> <7 5> <7 6> <7 8> <7 9> <7 10> <7 11> <7 12> <7 13> <7 14> <7 15> <7 16> <7 17> <7 18> <7 19> <7 20> <7 21> <7 22> <7 23> <7 24> <7 25> 
> <8 0> <8 1> <8 2> <8 3> <8 4> <8 5> <8 6> <8 7> <8 9> <8 10> <8 11> <8 12> <8 13> <8 14> <8 15> <8 16> <8 17> <8 18> <8 19> <8 20> <8 21> <8 22> <8 23> <8 24> <8 25> 
> <9 0> <9 1> <9 2> <9 3> <9 4> <9 5> <9 6> <9 7> <9 8> <9 10> <9 11> <9 12> <9 13> <9 14> <9 15> <9 16> <9 17> <9 18> <9 19> <9 20> <9 21> <9 22> <9 23> <9 24> <9 25> 
> <10 0> <10 1> <10 2> <10 3> <10 4> <10 5> <10 6> <10 7> <10 8> <10 9> <10 11> <10 12> <10 13> <10 14> <10 15> <10 16> <10 17> <10 18> <10 19> <10 20> <10 21> <10 22> <10 23> <10 24> <10 25> 
> <11 0> <11 1> <11 2> <11 3> <11 4> <11 5> <11 6> <11 7> <11 8> <11 9> <11 10> <11 12> <11 13> <11 14> <11 15> <11 16> <11 17> <11 18> <11 19> <11 20> <11 21> <11 22> <11 23> <11 24> <11 25> 
> <12 0> <12 1> <12 2> <12 3> <12 4> <12 5> <12 6> <12 7> <12 8> <12 9> <12 10> <12 11> <12 13> <12 14> <12 15> <12 16> <12 17> <12 18> <12 19> <12 20> <12 21> <12 22> <12 23> <12 24> <12 25> 
> <13 0> <13 1> <13 2> <13 3> <13 4> <13 5> <13 6> <13 7> <13 8> <13 9> <13 10> <13 11> <13 12> <13 14> <13 15> <13 16> <13 17> <13 18> <13 19> <13 20> <13 21> <13 22> <13 23> <13 24> <13 25> 
> <14 0> <14 1> <14 2> <14 3> <14 4> <14 5> <14 6> <14 7> <14 8> <14 9> <14 10> <14 11> <14 12> <14 13> <14 15> <14 16> <14 17> <14 18> <14 19> <14 20> <14 21> <14 22> <14 23> <14 24> <14 25> 
> <15 0> <15 1> <15 2> <15 3> <15 4> <15 5> <15 6> <15 7> <15 8> <15 9> <15 10> <15 11> <15 12> <15 13> <15 14> <15 16> <15 17> <15 18> <15 19> <15 20> <15 21> <15 22> <15 23> <15 24> <15 25> 
> <16 0> <16 1> <16 2> <16 3> <16 4> <16 5> <16 6> <16 7> <16 8> <16 9> <16 10> <16 11> <16 12> <16 13> <16 14> <16 15> <16 17> <16 18> <16 19> <16 20> <16 21> <16 22> <16 23> <16 24> <16 25> 
> <17 0> <17 1> <17 2> <17 3> <17 4> <17 5> <17 6> <17 7> <17 8> <17 9> <17 10> <17 11> <17 12> <17 13> <17 14> <17 15> <17 16> <17 18> <17 19> <17 20> <17 21> <17 22> <17 23> <17 24> <17 25> 
> <18 0> <18 1> <18 2> <18 3> <18 4> <18 5> <18 6> <18 7> <18 8> <18 9> <18 10> <18 11> <18 12> <18 13> <18 14> <18 15> <18 16> <18 17> <18 19> <18 20> <18 21> <18 22> <18 23> <18 24> <18 25> 
> <19 0> <19 1> <19 2> <19 3> <19 4> <19 5> <19 6> <19 7> <19 8> <19 9> <19 10> <19 11> <19 12> <19 13> <19 14> <19 15> <19 16> <19 17> <19 18> <19 20> <19 21> <19 22> <19 23> <19 24> <19 25> 
> <20 0> <20 1> <20 2> <20 3> <20 4> <20 5> <20 6> <20 7> <20 8> <20 9> <20 10> <20 11> <20 12> <20 13> <20 14> <20 15> <20 16> <20 17> <20 18> <20 19> <20 21> <20 22> <20 23> <20 24> <20 25> 
> <21 0> <21 1> <21 2> <21 3> <21 4> <21 5> <21 6> <21 7> <21 8> <21 9> <21 10> <21 11> <21 12> <21 13> <21 14> <21 15> <21 16> <21 17> <21 18> <21 19> <21 20> <21 22> <21 23> <21 24> <21 25> 
> <22 0> <22 1> <22 2> <22 3> <22 4> <22 5> <22 6> <22 7> <22 8> <22 9> <22 10> <22 11> <22 12> <22 13> <22 14> <22 15> <22 16> <22 17> <22 18> <22 19> <22 20> <22 21> <22 23> <22 24> <22 25> 
> <23 0> <23 1> <23 2> <23 3> <23 4> <23 5> <23 6> <23 7> <23 8> <23 9> <23 10> <23 11> <23 12> <23 13> <23 14> <23 15> <23 16> <23 17> <23 18> <23 19> <23 20> <23 21> <23 22> <23 24> <23 25> 
> <24 0> <24 1> <24 2> <24 3> <24 4> <24 5> <24 6> <24 7> <24 8> <24 9> <24 10> <24 11> <24 12> <24 13> <24 14> <24 15> <24 16> <24 17> <24 18> <24 19> <24 20> <24 21> <24 22> <24 23> <24 25> 
> <25 0> <25 1> <25 2> <25 3> <25 4> <25 5> <25 6> <25 7> <25 8> <25 9> <25 10> <25 11> <25 12> <25 13> <25 14> <25 15> <25 16> <25 17> <25 18> <25 19> <25 20> <25 21> <25 22> <25 23> <25 24> 
> Longest ladder length: 26
> Longest ladders:
>  1: a -> b -> c -> d -> e -> f -> g -> h -> i -> j -> k -> l -> m -> n -> o -> p -> q -> r -> s -> t -> u -> v -> w -> x -> y -> z
Test "case-26"
Test "case-27"
Test "case-28"
Test "case-29"
Test "case-30"
Test "case-31"
Test "case-32"
689c689,1006
< <185 
\ No newline at end of file
---
> <185 184> <185 186> 
> <186 185> <186 187> 
> <187 186> <187 188> 
> <188 187> <188 189> 
> <189 188> <189 190> 
> <190 189> <190 191> 
> <191 190> <191 192> 
> <192 191> <192 193> 
> <193 192> <193 194> 
> <194 193> <194 195> 
> <195 194> <195 196> 
> <196 195> <196 197> 
> <197 196> <197 198> 
> <198 197> <198 199> 
> <199 198> <199 200> 
> <200 199> <200 201> 
> <201 200> <201 202> 
> <202 201> <202 203> 
> <203 202> <203 204> 
> <204 203> <204 205> 
> <205 204> <205 206> 
> <206 205> <206 207> 
> <207 206> <207 208> 
> <208 207> <208 209> 
> <209 208> <209 210> 
> <210 209> <210 211> 
> <211 210> <211 212> 
> <212 211> <212 213> 
> <213 212> <213 214> 
> <214 213> <214 215> 
> <215 214> <215 216> 
> <216 215> <216 217> 
> <217 216> <217 218> 
> <218 217> <218 219> 
> <219 218> <219 220> 
> <220 219> <220 221> 
> <221 220> <221 222> 
> <222 221> <222 223> 
> <223 222> <223 224> 
> <224 223> <224 225> 
> <225 224> <225 226> 
> <226 225> <226 227> 
> <227 226> <227 228> 
> <228 227> <228 229> 
> <229 228> <229 230> 
> <230 229> <230 231> 
> <231 230> <231 232> 
> <232 231> <232 233> 
> <233 232> <233 234> 
> <234 233> <234 235> 
> <235 234> <235 236> 
> <236 235> <236 237> 
> <237 236> <237 238> 
> <238 237> <238 239> 
> <239 238> <239 240> 
> <240 239> <240 241> 
> <241 240> <241 242> 
> <242 241> <242 243> 
> <243 242> <243 244> 
> <244 243> <244 245> 
> <245 244> <245 246> 
> <246 245> <246 247> 
> <247 246> <247 248> 
> <248 247> <248 249> 
> <249 248> <249 250> 
> <250 249> <250 251> 
> <251 250> <251 252> 
> <252 251> <252 253> 
> <253 252> <253 254> 
> <254 253> <254 255> 
> <255 254> <255 256> 
> <256 255> <256 257> 
> <257 256> <257 258> 
> <258 257> <258 259> 
> <259 258> <259 260> 
> <260 259> <260 261> 
> <261 260> <261 262> 
> <262 261> <262 263> 
> <263 262> <263 264> 
> <264 263> <264 265> 
> <265 264> <265 266> 
> <266 265> <266 267> 
> <267 266> <267 268> 
> <268 267> <268 269> 
> <269 268> <269 270> 
> <270 269> <270 271> 
> <271 270> <271 272> 
> <272 271> <272 273> 
> <273 272> <273 274> 
> <274 273> <274 275> 
> <275 274> <275 276> 
> <276 275> <276 277> 
> <277 276> <277 278> 
> <278 277> <278 279> 
> <279 278> <279 280> 
> <280 279> <280 281> 
> <281 280> <281 282> 
> <282 281> <282 283> 
> <283 282> <283 284> 
> <284 283> <284 285> 
> <285 284> <285 286> 
> <286 285> <286 287> 
> <287 286> <287 288> 
> <288 287> <288 289> 
> <289 288> <289 290> 
> <290 289> <290 291> 
> <291 290> <291 292> 
> <292 291> <292 293> 
> <293 292> <293 294> 
> <294 293> <294 295> 
> <295 294> <295 296> 
> <296 295> <296 297> 
> <297 296> <297 298> 
> <298 297> <298 299> 
> <299 298> <299 300> 
> <300 299> <300 301> 
> <301 300> <301 302> 
> <302 301> <302 303> 
> <303 302> <303 304> 
> <304 303> <304 305> 
> <305 304> <305 306> 
> <306 305> <306 307> 
> <307 306> <307 308> 
> <308 307> <308 309> 
> <309 308> <309 310> 
> <310 309> <310 311> 
> <311 310> <311 312> 
> <312 311> <312 313> 
> <313 312> <313 314> 
> <314 313> <314 315> 
> <315 314> <315 316> 
> <316 315> <316 317> 
> <317 316> <317 318> 
> <318 317> <318 319> 
> <319 318> <319 320> 
> <320 319> <320 321> 
> <321 320> <321 322> 
> <322 321> <322 323> 
> <323 322> <323 324> 
> <324 323> <324 325> 
> <325 324> <325 326> 
> <326 325> <326 327> 
> <327 326> <327 328> 
> <328 327> <328 329> 
> <329 328> <329 330> 
> <330 329> <330 331> 
> <331 330> <331 332> 
> <332 331> <332 333> 
> <333 332> <333 334> 
> <334 333> <334 335> 
> <335 334> <335 336> 
> <336 335> <336 337> 
> <337 336> <337 338> 
> <338 337> <338 339> 
> <339 338> <339 340> 
> <340 339> <340 341> 
> <341 340> <341 342> 
> <342 341> <342 343> 
> <343 342> <343 344> 
> <344 343> <344 345> 
> <345 344> <345 346> 
> <346 345> <346 347> 
> <347 346> <347 348> 
> <348 347> <348 349> 
> <349 348> <349 350> 
> <350 349> <350 351> 
> <351 350> <351 352> 
> <352 351> <352 353> 
> <353 352> <353 354> 
> <354 353> <354 355> 
> <355 354> <355 356> 
> <356 355> <356 357> 
> <357 356> <357 358> 
> <358 357> <358 359> 
> <359 358> <359 360> 
> <360 359> <360 361> 
> <361 360> <361 362> 
> <362 361> <362 363> 
> <363 362> <363 364> 
> <364 363> <364 365> 
> <365 364> <365 366> 
> <366 365> <366 367> 
> <367 366> <367 368> 
> <368 367> <368 369> 
> <369 368> <369 370> 
> <370 369> <370 371> 
> <371 370> <371 372> 
> <372 371> <372 373> 
> <373 372> <373 374> 
> <374 373> <374 375> 
> <375 374> <375 376> 
> <376 375> <376 377> 
> <377 376> <377 378> 
> <378 377> <378 379> 
> <379 378> <379 380> 
> <380 379> <380 381> 
> <381 380> <381 382> 
> <382 381> <382 383> 
> <383 382> <383 384> 
> <384 383> <384 385> 
> <385 384> <385 386> 
> <386 385> <386 387> 
> <387 386> <387 388> 
> <388 387> <388 389> 
> <389 388> <389 390> 
> <390 389> <390 391> 
> <391 390> <391 392> 
> <392 391> <392 393> 
> <393 392> <393 394> 
> <394 393> <394 395> 
> <395 394> <395 396> 
> <396 395> <396 397> 
> <397 396> <397 398> 
> <398 397> <398 399> 
> <399 398> <399 400> 
> <400 399> <400 401> 
> <401 400> <401 402> 
> <402 401> <402 403> 
> <403 402> <403 404> 
> <404 403> <404 405> 
> <405 404> <405 406> 
> <406 405> <406 407> 
> <407 406> <407 408> 
> <408 407> <408 409> 
> <409 408> <409 410> 
> <410 409> <410 411> 
> <411 410> <411 412> 
> <412 411> <412 413> 
> <413 412> <413 414> 
> <414 413> <414 415> 
> <415 414> <415 416> 
> <416 415> <416 417> 
> <417 416> <417 418> 
> <418 417> <418 419> 
> <419 418> <419 420> 
> <420 419> <420 421> 
> <421 420> <421 422> 
> <422 421> <422 423> 
> <423 422> <423 424> 
> <424 423> <424 425> 
> <425 424> <425 426> 
> <426 425> <426 427> 
> <427 426> <427 428> 
> <428 427> <428 429> 
> <429 428> <429 430> 
> <430 429> <430 431> 
> <431 430> <431 432> 
> <432 431> <432 433> 
> <433 432> <433 434> 
> <434 433> <434 435> 
> <435 434> <435 436> 
> <436 435> <436 437> 
> <437 436> <437 438> 
> <438 437> <438 439> 
> <439 438> <439 440> 
> <440 439> <440 441> 
> <441 440> <441 442> 
> <442 441> <442 443> 
> <443 442> <443 444> 
> <444 443> <444 445> 
> <445 444> <445 446> 
> <446 445> <446 447> 
> <447 446> <447 448> 
> <448 447> <448 449> 
> <449 448> <449 450> 
> <450 449> <450 451> 
> <451 450> <451 452> 
> <452 451> <452 453> 
> <453 452> <453 454> 
> <454 453> <454 455> 
> <455 454> <455 456> 
> <456 455> <456 457> 
> <457 456> <457 458> 
> <458 457> <458 459> 
> <459 458> <459 460> 
> <460 459> <460 461> 
> <461 460> <461 462> 
> <462 461> <462 463> 
> <463 462> <463 464> 
> <464 463> <464 465> 
> <465 464> <465 466> 
> <466 465> <466 467> 
> <467 466> <467 468> 
> <468 467> <468 469> 
> <469 468> <469 470> 
> <470 469> <470 471> 
> <471 470> <471 472> 
> <472 471> <472 473> 
> <473 472> <473 474> 
> <474 473> <474 475> 
> <475 474> <475 476> 
> <476 475> <476 477> 
> <477 476> <477 478> 
> <478 477> <478 479> 
> <479 478> <479 480> 
> <480 479> <480 481> 
> <481 480> <481 482> 
> <482 481> <482 483> 
> <483 482> <483 484> 
> <484 483> <484 485> 
> <485 484> <485 486> 
> <486 485> <486 487> 
> <487 486> <487 488> 
> <488 487> <488 489> 
> <489 488> <489 490> 
> <490 489> <490 491> 
> <491 490> <491 492> 
> <492 491> <492 493> 
> <493 492> <493 494> 
> <494 493> <494 495> 
> <495 494> <495 496> 
> <496 495> <496 497> 
> <497 496> <497 498> 
> <498 497> <498 499> 
> <499 498> 
> Longest ladder length: 500
> Longest ladders:
>  1: aaaaaaaaaaaaaaaaaaaa -> baaaaaaaaaaaaaaaaaaa -> bbaaaaaaaaaaaaaaaaaa -> bbbaaaaaaaaaaaaaaaaa -> bbbbaaaaaaaaaaaaaaaa -> bbbbbaaaaaaaaaaaaaaa -> bbbbbbaaaaaaaaaaaaaa -> bbbbbbbaaaaaaaaaaaaa -> bbbbbbbbaaaaaaaaaaaa -> bbbbbbbbbaaaaaaaaaaa -> bbbbbbbbbbaaaaaaaaaa -> bbbbbbbbbbbaaaaaaaaa -> bbbbbbbbbbbbaaaaaaaa -> bbbbbbbbbbbbbaaaaaaa -> bbbbbbbbbbbbbbaaaaaa -> bbbbbbbbbbbbbbbaaaaa -> bbbbbbbbbbbbbbbbaaaa -> bbbbbbbbbbbbbbbbbaaa -> bbbbbbbbbbbbbbbbbbaa -> bbbbbbbbbbbbbbbbbbba -> bbbbbbbbbbbbbbbbbbbb -> cbbbbbbbbbbbbbbbbbbb -> ccbbbbbbbbbbbbbbbbbb -> cccbbbbbbbbbbbbbbbbb -> ccccbbbbbbbbbbbbbbbb -> cccccbbbbbbbbbbbbbbb -> ccccccbbbbbbbbbbbbbb -> cccccccbbbbbbbbbbbbb -> ccccccccbbbbbbbbbbbb -> cccccccccbbbbbbbbbbb -> ccccccccccbbbbbbbbbb -> cccccccccccbbbbbbbbb -> ccccccccccccbbbbbbbb -> cccccccccccccbbbbbbb -> ccccccccccccccbbbbbb -> cccccccccccccccbbbbb -> ccccccccccccccccbbbb -> cccccccccccccccccbbb -> ccccccccccccccccccbb -> cccccccccccccccccccb -> cccccccccccccccccccc -> dccccccccccccccccccc -> ddcccccccccccccccccc -> dddccccccccccccccccc -> ddddcccccccccccccccc -> dddddccccccccccccccc -> ddddddcccccccccccccc -> dddddddccccccccccccc -> ddddddddcccccccccccc -> dddddddddccccccccccc -> ddddddddddcccccccccc -> dddddddddddccccccccc -> ddddddddddddcccccccc -> dddddddddddddccccccc -> ddddddddddddddcccccc -> dddddddddddddddccccc -> ddddddddddddddddcccc -> dddddddddddddddddccc -> ddddddddddddddddddcc -> dddddddddddddddddddc -> dddddddddddddddddddd -> eddddddddddddddddddd -> eedddddddddddddddddd -> eeeddddddddddddddddd -> eeeedddddddddddddddd -> eeeeeddddddddddddddd -> eeeeeedddddddddddddd -> eeeeeeeddddddddddddd -> eeeeeeeedddddddddddd -> eeeeeeeeeddddddddddd -> eeeeeeeeeedddddddddd -> eeeeeeeeeeeddddddddd -> eeeeeeeeeeeedddddddd -> eeeeeeeeeeeeeddddddd -> eeeeeeeeeeeeeedddddd -> eeeeeeeeeeeeeeeddddd -> eeeeeeeeeeeeeeeedddd -> eeeeeeeeeeeeeeeeeddd -> eeeeeeeeeeeeeeeeeedd -> eeeeeeeeeeeeeeeeeeed -> eeeeeeeeeeeeeeeeeeee -> feeeeeeeeeeeeeeeeeee -> ffeeeeeeeeeeeeeeeeee -> fffeeeeeeeeeeeeeeeee -> ffffeeeeeeeeeeeeeeee -> fffffeeeeeeeeeeeeeee -> ffffffeeeeeeeeeeeeee -> fffffffeeeeeeeeeeeee -> ffffffffeeeeeeeeeeee -> fffffffffeeeeeeeeeee -> ffffffffffeeeeeeeeee -> fffffffffffeeeeeeeee -> ffffffffffffeeeeeeee -> fffffffffffffeeeeeee -> ffffffffffffffeeeeee -> fffffffffffffffeeeee -> ffffffffffffffffeeee -> fffffffffffffffffeee -> ffffffffffffffffffee -> fffffffffffffffffffe -> ffffffffffffffffffff -> gfffffffffffffffffff -> ggffffffffffffffffff -> gggfffffffffffffffff -> ggggffffffffffffffff -> gggggfffffffffffffff -> ggggggffffffffffffff -> gggggggfffffffffffff -> ggggggggffffffffffff -> gggggggggfffffffffff -> ggggggggggffffffffff -> gggggggggggfffffffff -> ggggggggggggffffffff -> gggggggggggggfffffff -> ggggggggggggggffffff -> gggggggggggggggfffff -> ggggggggggggggggffff -> gggggggggggggggggfff -> ggggggggggggggggggff -> gggggggggggggggggggf -> gggggggggggggggggggg -> hggggggggggggggggggg -> hhgggggggggggggggggg -> hhhggggggggggggggggg -> hhhhgggggggggggggggg -> hhhhhggggggggggggggg -> hhhhhhgggggggggggggg -> hhhhhhhggggggggggggg -> hhhhhhhhgggggggggggg -> hhhhhhhhhggggggggggg -> hhhhhhhhhhgggggggggg -> hhhhhhhhhhhggggggggg -> hhhhhhhhhhhhgggggggg -> hhhhhhhhhhhhhggggggg -> hhhhhhhhhhhhhhgggggg -> hhhhhhhhhhhhhhhggggg -> hhhhhhhhhhhhhhhhgggg -> hhhhhhhhhhhhhhhhhggg -> hhhhhhhhhhhhhhhhhhgg -> hhhhhhhhhhhhhhhhhhhg -> hhhhhhhhhhhhhhhhhhhh -> ihhhhhhhhhhhhhhhhhhh -> iihhhhhhhhhhhhhhhhhh -> iiihhhhhhhhhhhhhhhhh -> iiiihhhhhhhhhhhhhhhh -> iiiiihhhhhhhhhhhhhhh -> iiiiiihhhhhhhhhhhhhh -> iiiiiiihhhhhhhhhhhhh -> iiiiiiiihhhhhhhhhhhh -> iiiiiiiiihhhhhhhhhhh -> iiiiiiiiiihhhhhhhhhh -> iiiiiiiiiiihhhhhhhhh -> iiiiiiiiiiiihhhhhhhh -> iiiiiiiiiiiiihhhhhhh -> iiiiiiiiiiiiiihhhhhh -> iiiiiiiiiiiiiiihhhhh -> iiiiiiiiiiiiiiiihhhh -> iiiiiiiiiiiiiiiiihhh -> iiiiiiiiiiiiiiiiiihh -> iiiiiiiiiiiiiiiiiiih -> iiiiiiiiiiiiiiiiiiii -> jiiiiiiiiiiiiiiiiiii -> jjiiiiiiiiiiiiiiiiii -> jjjiiiiiiiiiiiiiiiii -> jjjjiiiiiiiiiiiiiiii -> jjjjjiiiiiiiiiiiiiii -> jjjjjjiiiiiiiiiiiiii -> jjjjjjjiiiiiiiiiiiii -> jjjjjjjjiiiiiiiiiiii -> jjjjjjjjjiiiiiiiiiii -> jjjjjjjjjjiiiiiiiiii -> jjjjjjjjjjjiiiiiiiii -> jjjjjjjjjjjjiiiiiiii -> jjjjjjjjjjjjjiiiiiii -> jjjjjjjjjjjjjjiiiiii -> jjjjjjjjjjjjjjjiiiii -> jjjjjjjjjjjjjjjjiiii -> jjjjjjjjjjjjjjjjjiii -> jjjjjjjjjjjjjjjjjjii -> jjjjjjjjjjjjjjjjjjji -> jjjjjjjjjjjjjjjjjjjj -> kjjjjjjjjjjjjjjjjjjj -> kkjjjjjjjjjjjjjjjjjj -> kkkjjjjjjjjjjjjjjjjj -> kkkkjjjjjjjjjjjjjjjj -> kkkkkjjjjjjjjjjjjjjj -> kkkkkkjjjjjjjjjjjjjj -> kkkkkkkjjjjjjjjjjjjj -> kkkkkkkkjjjjjjjjjjjj -> kkkkkkkkkjjjjjjjjjjj -> kkkkkkkkkkjjjjjjjjjj -> kkkkkkkkkkkjjjjjjjjj -> kkkkkkkkkkkkjjjjjjjj -> kkkkkkkkkkkkkjjjjjjj -> kkkkkkkkkkkkkkjjjjjj -> kkkkkkkkkkkkkkkjjjjj -> kkkkkkkkkkkkkkkkjjjj -> kkkkkkkkkkkkkkkkkjjj -> kkkkkkkkkkkkkkkkkkjj -> kkkkkkkkkkkkkkkkkkkj -> kkkkkkkkkkkkkkkkkkkk -> lkkkkkkkkkkkkkkkkkkk -> llkkkkkkkkkkkkkkkkkk -> lllkkkkkkkkkkkkkkkkk -> llllkkkkkkkkkkkkkkkk -> lllllkkkkkkkkkkkkkkk -> llllllkkkkkkkkkkkkkk -> lllllllkkkkkkkkkkkkk -> llllllllkkkkkkkkkkkk -> lllllllllkkkkkkkkkkk -> llllllllllkkkkkkkkkk -> lllllllllllkkkkkkkkk -> llllllllllllkkkkkkkk -> lllllllllllllkkkkkkk -> llllllllllllllkkkkkk -> lllllllllllllllkkkkk -> llllllllllllllllkkkk -> lllllllllllllllllkkk -> llllllllllllllllllkk -> lllllllllllllllllllk -> llllllllllllllllllll -> mlllllllllllllllllll -> mmllllllllllllllllll -> mmmlllllllllllllllll -> mmmmllllllllllllllll -> mmmmmlllllllllllllll -> mmmmmmllllllllllllll -> mmmmmmmlllllllllllll -> mmmmmmmmllllllllllll -> mmmmmmmmmlllllllllll -> mmmmmmmmmmllllllllll -> mmmmmmmmmmmlllllllll -> mmmmmmmmmmmmllllllll -> mmmmmmmmmmmmmlllllll -> mmmmmmmmmmmmmmllllll -> mmmmmmmmmmmmmmmlllll -> mmmmmmmmmmmmmmmmllll -> mmmmmmmmmmmmmmmmmlll -> mmmmmmmmmmmmmmmmmmll -> mmmmmmmmmmmmmmmmmmml -> mmmmmmmmmmmmmmmmmmmm -> nmmmmmmmmmmmmmmmmmmm -> nnmmmmmmmmmmmmmmmmmm -> nnnmmmmmmmmmmmmmmmmm -> nnnnmmmmmmmmmmmmmmmm -> nnnnnmmmmmmmmmmmmmmm -> nnnnnnmmmmmmmmmmmmmm -> nnnnnnnmmmmmmmmmmmmm -> nnnnnnnnmmmmmmmmmmmm -> nnnnnnnnnmmmmmmmmmmm -> nnnnnnnnnnmmmmmmmmmm -> nnnnnnnnnnnmmmmmmmmm -> nnnnnnnnnnnnmmmmmmmm -> nnnnnnnnnnnnnmmmmmmm -> nnnnnnnnnnnnnnmmmmmm -> nnnnnnnnnnnnnnnmmmmm -> nnnnnnnnnnnnnnnnmmmm -> nnnnnnnnnnnnnnnnnmmm -> nnnnnnnnnnnnnnnnnnmm -> nnnnnnnnnnnnnnnnnnnm -> nnnnnnnnnnnnnnnnnnnn -> onnnnnnnnnnnnnnnnnnn -> oonnnnnnnnnnnnnnnnnn -> ooonnnnnnnnnnnnnnnnn -> oooonnnnnnnnnnnnnnnn -> ooooonnnnnnnnnnnnnnn -> oooooonnnnnnnnnnnnnn -> ooooooonnnnnnnnnnnnn -> oooooooonnnnnnnnnnnn -> ooooooooonnnnnnnnnnn -> oooooooooonnnnnnnnnn -> ooooooooooonnnnnnnnn -> oooooooooooonnnnnnnn -> ooooooooooooonnnnnnn -> oooooooooooooonnnnnn -> ooooooooooooooonnnnn -> oooooooooooooooonnnn -> ooooooooooooooooonnn -> oooooooooooooooooonn -> ooooooooooooooooooon -> oooooooooooooooooooo -> pooooooooooooooooooo -> ppoooooooooooooooooo -> pppooooooooooooooooo -> ppppoooooooooooooooo -> pppppooooooooooooooo -> ppppppoooooooooooooo -> pppppppooooooooooooo -> ppppppppoooooooooooo -> pppppppppooooooooooo -> ppppppppppoooooooooo -> pppppppppppooooooooo -> ppppppppppppoooooooo -> pppppppppppppooooooo -> ppppppppppppppoooooo -> pppppppppppppppooooo -> ppppppppppppppppoooo -> pppppppppppppppppooo -> ppppppppppppppppppoo -> pppppppppppppppppppo -> pppppppppppppppppppp -> qppppppppppppppppppp -> qqpppppppppppppppppp -> qqqppppppppppppppppp -> qqqqpppppppppppppppp -> qqqqqppppppppppppppp -> qqqqqqpppppppppppppp -> qqqqqqqppppppppppppp -> qqqqqqqqpppppppppppp -> qqqqqqqqqppppppppppp -> qqqqqqqqqqpppppppppp -> qqqqqqqqqqqppppppppp -> qqqqqqqqqqqqpppppppp -> qqqqqqqqqqqqqppppppp -> qqqqqqqqqqqqqqpppppp -> qqqqqqqqqqqqqqqppppp -> qqqqqqqqqqqqqqqqpppp -> qqqqqqqqqqqqqqqqqppp -> qqqqqqqqqqqqqqqqqqpp -> qqqqqqqqqqqqqqqqqqqp -> qqqqqqqqqqqqqqqqqqqq -> rqqqqqqqqqqqqqqqqqqq -> rrqqqqqqqqqqqqqqqqqq -> rrrqqqqqqqqqqqqqqqqq -> rrrrqqqqqqqqqqqqqqqq -> rrrrrqqqqqqqqqqqqqqq -> rrrrrrqqqqqqqqqqqqqq -> rrrrrrrqqqqqqqqqqqqq -> rrrrrrrrqqqqqqqqqqqq -> rrrrrrrrrqqqqqqqqqqq -> rrrrrrrrrrqqqqqqqqqq -> rrrrrrrrrrrqqqqqqqqq -> rrrrrrrrrrrrqqqqqqqq -> rrrrrrrrrrrrrqqqqqqq -> rrrrrrrrrrrrrrqqqqqq -> rrrrrrrrrrrrrrrqqqqq -> rrrrrrrrrrrrrrrrqqqq -> rrrrrrrrrrrrrrrrrqqq -> rrrrrrrrrrrrrrrrrrqq -> rrrrrrrrrrrrrrrrrrrq -> rrrrrrrrrrrrrrrrrrrr -> srrrrrrrrrrrrrrrrrrr -> ssrrrrrrrrrrrrrrrrrr -> sssrrrrrrrrrrrrrrrrr -> ssssrrrrrrrrrrrrrrrr -> sssssrrrrrrrrrrrrrrr -> ssssssrrrrrrrrrrrrrr -> sssssssrrrrrrrrrrrrr -> ssssssssrrrrrrrrrrrr -> sssssssssrrrrrrrrrrr -> ssssssssssrrrrrrrrrr -> sssssssssssrrrrrrrrr -> ssssssssssssrrrrrrrr -> sssssssssssssrrrrrrr -> ssssssssssssssrrrrrr -> sssssssssssssssrrrrr -> ssssssssssssssssrrrr -> sssssssssssssssssrrr -> ssssssssssssssssssrr -> sssssssssssssssssssr -> ssssssssssssssssssss -> tsssssssssssssssssss -> ttssssssssssssssssss -> tttsssssssssssssssss -> ttttssssssssssssssss -> tttttsssssssssssssss -> ttttttssssssssssssss -> tttttttsssssssssssss -> ttttttttssssssssssss -> tttttttttsssssssssss -> ttttttttttssssssssss -> tttttttttttsssssssss -> ttttttttttttssssssss -> tttttttttttttsssssss -> ttttttttttttttssssss -> tttttttttttttttsssss -> ttttttttttttttttssss -> tttttttttttttttttsss -> ttttttttttttttttttss -> ttttttttttttttttttts -> tttttttttttttttttttt -> uttttttttttttttttttt -> uutttttttttttttttttt -> uuuttttttttttttttttt -> uuuutttttttttttttttt -> uuuuuttttttttttttttt -> uuuuuutttttttttttttt -> uuuuuuuttttttttttttt -> uuuuuuuutttttttttttt -> uuuuuuuuuttttttttttt -> uuuuuuuuuutttttttttt -> uuuuuuuuuuuttttttttt -> uuuuuuuuuuuutttttttt -> uuuuuuuuuuuuuttttttt -> uuuuuuuuuuuuuutttttt -> uuuuuuuuuuuuuuuttttt -> uuuuuuuuuuuuuuuutttt -> uuuuuuuuuuuuuuuuuttt -> uuuuuuuuuuuuuuuuuutt -> uuuuuuuuuuuuuuuuuuut -> uuuuuuuuuuuuuuuuuuuu -> vuuuuuuuuuuuuuuuuuuu -> vvuuuuuuuuuuuuuuuuuu -> vvvuuuuuuuuuuuuuuuuu -> vvvvuuuuuuuuuuuuuuuu -> vvvvvuuuuuuuuuuuuuuu -> vvvvvvuuuuuuuuuuuuuu -> vvvvvvvuuuuuuuuuuuuu -> vvvvvvvvuuuuuuuuuuuu -> vvvvvvvvvuuuuuuuuuuu -> vvvvvvvvvvuuuuuuuuuu -> vvvvvvvvvvvuuuuuuuuu -> vvvvvvvvvvvvuuuuuuuu -> vvvvvvvvvvvvvuuuuuuu -> vvvvvvvvvvvvvvuuuuuu -> vvvvvvvvvvvvvvvuuuuu -> vvvvvvvvvvvvvvvvuuuu -> vvvvvvvvvvvvvvvvvuuu -> vvvvvvvvvvvvvvvvvvuu -> vvvvvvvvvvvvvvvvvvvu -> vvvvvvvvvvvvvvvvvvvv -> wvvvvvvvvvvvvvvvvvvv -> wwvvvvvvvvvvvvvvvvvv -> wwwvvvvvvvvvvvvvvvvv -> wwwwvvvvvvvvvvvvvvvv -> wwwwwvvvvvvvvvvvvvvv -> wwwwwwvvvvvvvvvvvvvv -> wwwwwwwvvvvvvvvvvvvv -> wwwwwwwwvvvvvvvvvvvv -> wwwwwwwwwvvvvvvvvvvv -> wwwwwwwwwwvvvvvvvvvv -> wwwwwwwwwwwvvvvvvvvv -> wwwwwwwwwwwwvvvvvvvv -> wwwwwwwwwwwwwvvvvvvv -> wwwwwwwwwwwwwwvvvvvv -> wwwwwwwwwwwwwwwvvvvv -> wwwwwwwwwwwwwwwwvvvv -> wwwwwwwwwwwwwwwwwvvv -> wwwwwwwwwwwwwwwwwwvv -> wwwwwwwwwwwwwwwwwwwv -> wwwwwwwwwwwwwwwwwwww -> xwwwwwwwwwwwwwwwwwww -> xxwwwwwwwwwwwwwwwwww -> xxxwwwwwwwwwwwwwwwww -> xxxxwwwwwwwwwwwwwwww -> xxxxxwwwwwwwwwwwwwww -> xxxxxxwwwwwwwwwwwwww -> xxxxxxxwwwwwwwwwwwww -> xxxxxxxxwwwwwwwwwwww -> xxxxxxxxxwwwwwwwwwww -> xxxxxxxxxxwwwwwwwwww -> xxxxxxxxxxxwwwwwwwww -> xxxxxxxxxxxxwwwwwwww -> xxxxxxxxxxxxxwwwwwww -> xxxxxxxxxxxxxxwwwwww -> xxxxxxxxxxxxxxxwwwww -> xxxxxxxxxxxxxxxxwwww -> xxxxxxxxxxxxxxxxxwww -> xxxxxxxxxxxxxxxxxxww -> xxxxxxxxxxxxxxxxxxxw -> xxxxxxxxxxxxxxxxxxxx -> yxxxxxxxxxxxxxxxxxxx -> yyxxxxxxxxxxxxxxxxxx -> yyyxxxxxxxxxxxxxxxxx -> yyyyxxxxxxxxxxxxxxxx -> yyyyyxxxxxxxxxxxxxxx -> yyyyyyxxxxxxxxxxxxxx -> yyyyyyyxxxxxxxxxxxxx -> yyyyyyyyxxxxxxxxxxxx -> yyyyyyyyyxxxxxxxxxxx -> yyyyyyyyyyxxxxxxxxxx -> yyyyyyyyyyyxxxxxxxxx -> yyyyyyyyyyyyxxxxxxxx -> yyyyyyyyyyyyyxxxxxxx -> yyyyyyyyyyyyyyxxxxxx -> yyyyyyyyyyyyyyyxxxxx -> yyyyyyyyyyyyyyyyxxxx -> yyyyyyyyyyyyyyyyyxxx -> yyyyyyyyyyyyyyyyyyxx -> yyyyyyyyyyyyyyyyyyyx -> yyyyyyyyyyyyyyyyyyyy -> zyyyyyyyyyyyyyyyyyyy -> zzyyyyyyyyyyyyyyyyyy -> zzzyyyyyyyyyyyyyyyyy -> zzzzyyyyyyyyyyyyyyyy -> zzzzzyyyyyyyyyyyyyyy -> zzzzzzyyyyyyyyyyyyyy -> zzzzzzzyyyyyyyyyyyyy -> zzzzzzzzyyyyyyyyyyyy -> zzzzzzzzzyyyyyyyyyyy -> zzzzzzzzzzyyyyyyyyyy -> zzzzzzzzzzzyyyyyyyyy -> zzzzzzzzzzzzyyyyyyyy -> zzzzzzzzzzzzzyyyyyyy -> zzzzzzzzzzzzzzyyyyyy -> zzzzzzzzzzzzzzzyyyyy -> zzzzzzzzzzzzzzzzyyyy -> zzzzzzzzzzzzzzzzzyyy -> zzzzzzzzzzzzzzzzzzyy -> zzzzzzzzzzzzzzzzzzzy
Test "case-33"
987,1769d986
< 100: aall
< 101: aallll
< 102: aallllll
< 103: aallllllll
< 104: aallllllllll
< 105: aallllllllllll
< 106: aallllllllllllll
< 107: aallllllllllllllll
< 108: aallllllllllllllllll
< 109: aamm
< 110: aammmm
< 111: aammmmmm
< 112: aammmmmmmm
< 113: aammmmmmmmmm
< 114: aammmmmmmmmmmm
< 115: aammmmmmmmmmmmmm
< 116: aammmmmmmmmmmmmmmm
< 117: aammmmmmmmmmmmmmmmmm
< 118: aann
< 119: aannnn
< 120: aannnnnn
< 121: aannnnnnnn
< 122: aannnnnnnnnn
< 123: aannnnnnnnnnnn
< 124: aannnnnnnnnnnnnn
< 125: aannnnnnnnnnnnnnnn
< 126: aannnnnnnnnnnnnnnnnn
< 127: aaoo
< 128: aaoooo
< 129: aaoooooo
< 130: aaoooooooo
< 131: aaoooooooooo
< 132: aaoooooooooooo
< 133: aaoooooooooooooo
< 134: aaoooooooooooooooo
< 135: aaoooooooooooooooooo
< 136: aapp
< 137: aapppp
< 138: aapppppp
< 139: aapppppppp
< 140: aapppppppppp
< 141: aapppppppppppp
< 142: aapppppppppppppp
< 143: aapppppppppppppppp
< 144: aapppppppppppppppppp
< 145: aaqq
< 146: aaqqqq
< 147: aaqqqqqq
< 148: aaqqqqqqqq
< 149: aaqqqqqqqqqq
< 150: aaqqqqqqqqqqqq
< 151: aaqqqqqqqqqqqqqq
< 152: aaqqqqqqqqqqqqqqqq
< 153: aaqqqqqqqqqqqqqqqqqq
< 154: aarr
< 155: aarrrr
< 156: aarrrrrr
< 157: aarrrrrrrr
< 158: aarrrrrrrrrr
< 159: aarrrrrrrrrrrr
< 160: aarrrrrrrrrrrrrr
< 161: aarrrrrrrrrrrrrrrr
< 162: aarrrrrrrrrrrrrrrrrr
< 163: aass
< 164: aassss
< 165: aassssss
< 166: aassssssss
< 167: aassssssssss
< 168: aassssssssssss
< 169: aassssssssssssss
< 170: aassssssssssssssss
< 171: aassssssssssssssssss
< 172: aatt
< 173: aatttt
< 174: aatttttt
< 175: aatttttttt
< 176: aatttttttttt
< 177: aatttttttttttt
< 178: aatttttttttttttt
< 179: aatttttttttttttttt
< 180: aatttttttttttttttttt
< 181: aauu
< 182: aauuuu
< 183: aauuuuuu
< 184: aauuuuuuuu
< 185: aauuuuuuuuuu
< 186: aauuuuuuuuuuuu
< 187: aauuuuuuuuuuuuuu
< 188: aauuuuuuuuuuuuuuuu
< 189: aauuuuuuuuuuuuuuuuuu
< 190: aavv
< 191: aavvvv
< 192: aavvvvvv
< 193: aavvvvvvvv
< 194: aavvvvvvvvvv
< 195: aavvvvvvvvvvvv
< 196: aavvvvvvvvvvvvvv
< 197: aavvvvvvvvvvvvvvvv
< 198: aavvvvvvvvvvvvvvvvvv
< 199: aaww
< 200: aawwww
< 201: aawwwwww
< 202: aawwwwwwww
< 203: aawwwwwwwwww
< 204: aawwwwwwwwwwww
< 205: aawwwwwwwwwwwwww
< 206: aawwwwwwwwwwwwwwww
< 207: aawwwwwwwwwwwwwwwwww
< 208: aaxx
< 209: aaxxxx
< 210: aaxxxxxx
< 211: aaxxxxxxxx
< 212: aaxxxxxxxxxx
< 213: aaxxxxxxxxxxxx
< 214: aaxxxxxxxxxxxxxx
< 215: aaxxxxxxxxxxxxxxxx
< 216: aaxxxxxxxxxxxxxxxxxx
< 217: aayy
< 218: aayyyy
< 219: aayyyyyy
< 220: aayyyyyyyy
< 221: aayyyyyyyyyy
< 222: aayyyyyyyyyyyy
< 223: aayyyyyyyyyyyyyy
< 224: aayyyyyyyyyyyyyyyy
< 225: aayyyyyyyyyyyyyyyyyy
< 226: aazz
< 227: aazzzz
< 228: aazzzzzz
< 229: aazzzzzzzz
< 230: aazzzzzzzzzz
< 231: aazzzzzzzzzzzz
< 232: aazzzzzzzzzzzzzz
< 233: aazzzzzzzzzzzzzzzz
< 234: aazzzzzzzzzzzzzzzzzz
< 235: bbbb
< 236: bbbbbb
< 237: bbbbbbbb
< 238: bbbbbbbbbb
< 239: bbbbbbbbbbbb
< 240: bbbbbbbbbbbbbb
< 241: bbbbbbbbbbbbbbbb
< 242: bbbbbbbbbbbbbbbbbb
< 243: bbbbbbbbbbbbbbbbbbbb
< 244: bbcc
< 245: bbcccc
< 246: bbcccccc
< 247: bbcccccccc
< 248: bbcccccccccc
< 249: bbcccccccccccc
< 250: bbcccccccccccccc
< 251: bbcccccccccccccccc
< 252: bbcccccccccccccccccc
< 253: bbdd
< 254: bbdddd
< 255: bbdddddd
< 256: bbdddddddd
< 257: bbdddddddddd
< 258: bbdddddddddddd
< 259: bbdddddddddddddd
< 260: bbdddddddddddddddd
< 261: bbdddddddddddddddddd
< 262: bbee
< 263: bbeeee
< 264: bbeeeeee
< 265: bbeeeeeeee
< 266: bbeeeeeeeeee
< 267: bbeeeeeeeeeeee
< 268: bbeeeeeeeeeeeeee
< 269: bbeeeeeeeeeeeeeeee
< 270: bbeeeeeeeeeeeeeeeeee
< 271: bbff
< 272: bbffff
< 273: bbffffff
< 274: bbffffffff
< 275: bbffffffffff
< 276: bbffffffffffff
< 277: bbffffffffffffff
< 278: bbffffffffffffffff
< 279: bbffffffffffffffffff
< 280: bbgg
< 281: bbgggg
< 282: bbgggggg
< 283: bbgggggggg
< 284: bbgggggggggg
< 285: bbgggggggggggg
< 286: bbgggggggggggggg
< 287: bbgggggggggggggggg
< 288: bbgggggggggggggggggg
< 289: bbhh
< 290: bbhhhh
< 291: bbhhhhhh
< 292: bbhhhhhhhh
< 293: bbhhhhhhhhhh
< 294: bbhhhhhhhhhhhh
< 295: bbhhhhhhhhhhhhhh
< 296: bbhhhhhhhhhhhhhhhh
< 297: bbhhhhhhhhhhhhhhhhhh
< 298: bbii
< 299: bbiiii
< 300: bbiiiiii
< 301: bbiiiiiiii
< 302: bbiiiiiiiiii
< 303: bbiiiiiiiiiiii
< 304: bbiiiiiiiiiiiiii
< 305: bbiiiiiiiiiiiiiiii
< 306: bbiiiiiiiiiiiiiiiiii
< 307: bbjj
< 308: bbjjjj
< 309: bbjjjjjj
< 310: bbjjjjjjjj
< 311: bbjjjjjjjjjj
< 312: bbjjjjjjjjjjjj
< 313: bbjjjjjjjjjjjjjj
< 314: bbjjjjjjjjjjjjjjjj
< 315: bbjjjjjjjjjjjjjjjjjj
< 316: bbkk
< 317: bbkkkk
< 318: bbkkkkkk
< 319: bbkkkkkkkk
< 320: bbkkkkkkkkkk
< 321: bbkkkkkkkkkkkk
< 322: bbkkkkkkkkkkkkkk
< 323: bbkkkkkkkkkkkkkkkk
< 324: bbkkkkkkkkkkkkkkkkkk
< 325: bbll
< 326: bbllll
< 327: bbllllll
< 328: bbllllllll
< 329: bbllllllllll
< 330: bbllllllllllll
< 331: bbllllllllllllll
< 332: bbllllllllllllllll
< 333: bbllllllllllllllllll
< 334: bbmm
< 335: bbmmmm
< 336: bbmmmmmm
< 337: bbmmmmmmmm
< 338: bbmmmmmmmmmm
< 339: bbmmmmmmmmmmmm
< 340: bbmmmmmmmmmmmmmm
< 341: bbmmmmmmmmmmmmmmmm
< 342: bbmmmmmmmmmmmmmmmmmm
< 343: bbnn
< 344: bbnnnn
< 345: bbnnnnnn
< 346: bbnnnnnnnn
< 347: bbnnnnnnnnnn
< 348: bbnnnnnnnnnnnn
< 349: bbnnnnnnnnnnnnnn
< 350: bbnnnnnnnnnnnnnnnn
< 351: bbnnnnnnnnnnnnnnnnnn
< 352: bboo
< 353: bboooo
< 354: bboooooo
< 355: bboooooooo
< 356: bboooooooooo
< 357: bboooooooooooo
< 358: bboooooooooooooo
< 359: bboooooooooooooooo
< 360: bboooooooooooooooooo
< 361: bbpp
< 362: bbpppp
< 363: bbpppppp
< 364: bbpppppppp
< 365: bbpppppppppp
< 366: bbpppppppppppp
< 367: bbpppppppppppppp
< 368: bbpppppppppppppppp
< 369: bbpppppppppppppppppp
< 370: bbqq
< 371: bbqqqq
< 372: bbqqqqqq
< 373: bbqqqqqqqq
< 374: bbqqqqqqqqqq
< 375: bbqqqqqqqqqqqq
< 376: bbqqqqqqqqqqqqqq
< 377: bbqqqqqqqqqqqqqqqq
< 378: bbqqqqqqqqqqqqqqqqqq
< 379: bbrr
< 380: bbrrrr
< 381: bbrrrrrr
< 382: bbrrrrrrrr
< 383: bbrrrrrrrrrr
< 384: bbrrrrrrrrrrrr
< 385: bbrrrrrrrrrrrrrr
< 386: bbrrrrrrrrrrrrrrrr
< 387: bbrrrrrrrrrrrrrrrrrr
< 388: bbss
< 389: bbssss
< 390: bbssssss
< 391: bbssssssss
< 392: bbssssssssss
< 393: bbssssssssssss
< 394: bbssssssssssssss
< 395: bbssssssssssssssss
< 396: bbssssssssssssssssss
< 397: bbtt
< 398: bbtttt
< 399: bbtttttt
< 400: bbtttttttt
< 401: bbtttttttttt
< 402: bbtttttttttttt
< 403: bbtttttttttttttt
< 404: bbtttttttttttttttt
< 405: bbtttttttttttttttttt
< 406: bbuu
< 407: bbuuuu
< 408: bbuuuuuu
< 409: bbuuuuuuuu
< 410: bbuuuuuuuuuu
< 411: bbuuuuuuuuuuuu
< 412: bbuuuuuuuuuuuuuu
< 413: bbuuuuuuuuuuuuuuuu
< 414: bbuuuuuuuuuuuuuuuuuu
< 415: bbvv
< 416: bbvvvv
< 417: bbvvvvvv
< 418: bbvvvvvvvv
< 419: bbvvvvvvvvvv
< 420: bbvvvvvvvvvvvv
< 421: bbvvvvvvvvvvvvvv
< 422: bbvvvvvvvvvvvvvvvv
< 423: bbvvvvvvvvvvvvvvvvvv
< 424: bbww
< 425: bbwwww
< 426: bbwwwwww
< 427: bbwwwwwwww
< 428: bbwwwwwwwwww
< 429: bbwwwwwwwwwwww
< 430: bbwwwwwwwwwwwwww
< 431: bbwwwwwwwwwwwwwwww
< 432: bbwwwwwwwwwwwwwwwwww
< 433: bbxx
< 434: bbxxxx
< 435: bbxxxxxx
< 436: bbxxxxxxxx
< 437: bbxxxxxxxxxx
< 438: bbxxxxxxxxxxxx
< 439: bbxxxxxxxxxxxxxx
< 440: bbxxxxxxxxxxxxxxxx
< 441: bbxxxxxxxxxxxxxxxxxx
< 442: bbyy
< 443: bbyyyy
< 444: bbyyyyyy
< 445: bbyyyyyyyy
< 446: bbyyyyyyyyyy
< 447: bbyyyyyyyyyyyy
< 448: bbyyyyyyyyyyyyyy
< 449: bbyyyyyyyyyyyyyyyy
< 450: bbyyyyyyyyyyyyyyyyyy
< 451: bbzz
< 452: bbzzzz
< 453: bbzzzzzz
< 454: bbzzzzzzzz
< 455: bbzzzzzzzzzz
< 456: bbzzzzzzzzzzzz
< 457: bbzzzzzzzzzzzzzz
< 458: bbzzzzzzzzzzzzzzzz
< 459: bbzzzzzzzzzzzzzzzzzz
< 460: cccc
< 461: cccccc
< 462: cccccccc
< 463: cccccccccc
< 464: cccccccccccc
< 465: cccccccccccccc
< 466: cccccccccccccccc
< 467: cccccccccccccccccc
< 468: cccccccccccccccccccc
< 469: ccdd
< 470: ccdddd
< 471: ccdddddd
< 472: ccdddddddd
< 473: ccdddddddddd
< 474: ccdddddddddddd
< 475: ccdddddddddddddd
< 476: ccdddddddddddddddd
< 477: ccdddddddddddddddddd
< 478: ccee
< 479: cceeee
< 480: cceeeeee
< 481: cceeeeeeee
< 482: cceeeeeeeeee
< 483: cceeeeeeeeeeee
< 484: cceeeeeeeeeeeeee
< 485: cceeeeeeeeeeeeeeee
< 486: cceeeeeeeeeeeeeeeeee
< 487: ccff
< 488: ccffff
< 489: ccffffff
< 490: ccffffffff
< 491: ccffffffffff
< 492: ccffffffffffff
< 493: ccffffffffffffff
< 494: ccffffffffffffffff
< 495: ccffffffffffffffffff
< 496: ccgg
< 497: ccgggg
< 498: ccgggggg
< 499: ccgggggggg
< 500: ccgggggggggg
< 501: ccgggggggggggg
< 502: ccgggggggggggggg
< 503: ccgggggggggggggggg
< 504: ccgggggggggggggggggg
< 505: cchh
< 506: cchhhh
< 507: cchhhhhh
< 508: cchhhhhhhh
< 509: cchhhhhhhhhh
< 510: cchhhhhhhhhhhh
< 511: cchhhhhhhhhhhhhh
< 512: cchhhhhhhhhhhhhhhh
< 513: cchhhhhhhhhhhhhhhhhh
< 514: ccii
< 515: cciiii
< 516: cciiiiii
< 517: cciiiiiiii
< 518: cciiiiiiiiii
< 519: cciiiiiiiiiiii
< 520: cciiiiiiiiiiiiii
< 521: cciiiiiiiiiiiiiiii
< 522: cciiiiiiiiiiiiiiiiii
< 523: ccjj
< 524: ccjjjj
< 525: ccjjjjjj
< 526: ccjjjjjjjj
< 527: ccjjjjjjjjjj
< 528: ccjjjjjjjjjjjj
< 529: ccjjjjjjjjjjjjjj
< 530: ccjjjjjjjjjjjjjjjj
< 531: ccjjjjjjjjjjjjjjjjjj
< 532: cckk
< 533: cckkkk
< 534: cckkkkkk
< 535: cckkkkkkkk
< 536: cckkkkkkkkkk
< 537: cckkkkkkkkkkkk
< 538: cckkkkkkkkkkkkkk
< 539: cckkkkkkkkkkkkkkkk
< 540: cckkkkkkkkkkkkkkkkkk
< 541: ccll
< 542: ccllll
< 543: ccllllll
< 544: ccllllllll
< 545: ccllllllllll
< 546: ccllllllllllll
< 547: ccllllllllllllll
< 548: ccllllllllllllllll
< 549: ccllllllllllllllllll
< 550: ccmm
< 551: ccmmmm
< 552: ccmmmmmm
< 553: ccmmmmmmmm
< 554: ccmmmmmmmmmm
< 555: ccmmmmmmmmmmmm
< 556: ccmmmmmmmmmmmmmm
< 557: ccmmmmmmmmmmmmmmmm
< 558: ccmmmmmmmmmmmmmmmmmm
< 559: ccnn
< 560: ccnnnn
< 561: ccnnnnnn
< 562: ccnnnnnnnn
< 563: ccnnnnnnnnnn
< 564: ccnnnnnnnnnnnn
< 565: ccnnnnnnnnnnnnnn
< 566: ccnnnnnnnnnnnnnnnn
< 567: ccnnnnnnnnnnnnnnnnnn
< 568: ccoo
< 569: ccoooo
< 570: ccoooooo
< 571: ccoooooooo
< 572: ccoooooooooo
< 573: ccoooooooooooo
< 574: ccoooooooooooooo
< 575: ccoooooooooooooooo
< 576: ccoooooooooooooooooo
< 577: ccpp
< 578: ccpppp
< 579: ccpppppp
< 580: ccpppppppp
< 581: ccpppppppppp
< 582: ccpppppppppppp
< 583: ccpppppppppppppp
< 584: ccpppppppppppppppp
< 585: ccpppppppppppppppppp
< 586: ccqq
< 587: ccqqqq
< 588: ccqqqqqq
< 589: ccqqqqqqqq
< 590: ccqqqqqqqqqq
< 591: ccqqqqqqqqqqqq
< 592: ccqqqqqqqqqqqqqq
< 593: ccqqqqqqqqqqqqqqqq
< 594: ccqqqqqqqqqqqqqqqqqq
< 595: ccrr
< 596: ccrrrr
< 597: ccrrrrrr
< 598: ccrrrrrrrr
< 599: ccrrrrrrrrrr
< 600: ccrrrrrrrrrrrr
< 601: ccrrrrrrrrrrrrrr
< 602: ccrrrrrrrrrrrrrrrr
< 603: ccrrrrrrrrrrrrrrrrrr
< 604: ccss
< 605: ccssss
< 606: ccssssss
< 607: ccssssssss
< 608: ccssssssssss
< 609: ccssssssssssss
< 610: ccssssssssssssss
< 611: ccssssssssssssssss
< 612: ccssssssssssssssssss
< 613: cctt
< 614: cctttt
< 615: cctttttt
< 616: cctttttttt
< 617: cctttttttttt
< 618: cctttttttttttt
< 619: cctttttttttttttt
< 620: cctttttttttttttttt
< 621: cctttttttttttttttttt
< 622: ccuu
< 623: ccuuuu
< 624: ccuuuuuu
< 625: ccuuuuuuuu
< 626: ccuuuuuuuuuu
< 627: ccuuuuuuuuuuuu
< 628: ccuuuuuuuuuuuuuu
< 629: ccuuuuuuuuuuuuuuuu
< 630: ccuuuuuuuuuuuuuuuuuu
< 631: ccvv
< 632: ccvvvv
< 633: ccvvvvvv
< 634: ccvvvvvvvv
< 635: ccvvvvvvvvvv
< 636: ccvvvvvvvvvvvv
< 637: ccvvvvvvvvvvvvvv
< 638: ccvvvvvvvvvvvvvvvv
< 639: ccvvvvvvvvvvvvvvvvvv
< 640: ccww
< 641: ccwwww
< 642: ccwwwwww
< 643: ccwwwwwwww
< 644: ccwwwwwwwwww
< 645: ccwwwwwwwwwwww
< 646: ccwwwwwwwwwwwwww
< 647: ccwwwwwwwwwwwwwwww
< 648: ccwwwwwwwwwwwwwwwwww
< 649: ccxx
< 650: ccxxxx
< 651: ccxxxxxx
< 652: ccxxxxxxxx
< 653: ccxxxxxxxxxx
< 654: ccxxxxxxxxxxxx
< 655: ccxxxxxxxxxxxxxx
< 656: ccxxxxxxxxxxxxxxxx
< 657: ccxxxxxxxxxxxxxxxxxx
< 658: ccyy
< 659: ccyyyy
< 660: ccyyyyyy
< 661: ccyyyyyyyy
< 662: ccyyyyyyyyyy
< 663: ccyyyyyyyyyyyy
< 664: ccyyyyyyyyyyyyyy
< 665: ccyyyyyyyyyyyyyyyy
< 666: ccyyyyyyyyyyyyyyyyyy
< 667: cczz
< 668: cczzzz
< 669: cczzzzzz
< 670: cczzzzzzzz
< 671: cczzzzzzzzzz
< 672: cczzzzzzzzzzzz
< 673: cczzzzzzzzzzzzzz
< 674: cczzzzzzzzzzzzzzzz
< 675: cczzzzzzzzzzzzzzzzzz
< 676: dddd
< 677: dddddd
< 678: dddddddd
< 679: dddddddddd
< 680: dddddddddddd
< 681: dddddddddddddd
< 682: dddddddddddddddd
< 683: dddddddddddddddddd
< 684: dddddddddddddddddddd
< 685: ddee
< 686: ddeeee
< 687: ddeeeeee
< 688: ddeeeeeeee
< 689: ddeeeeeeeeee
< 690: ddeeeeeeeeeeee
< 691: ddeeeeeeeeeeeeee
< 692: ddeeeeeeeeeeeeeeee
< 693: ddeeeeeeeeeeeeeeeeee
< 694: ddff
< 695: ddffff
< 696: ddffffff
< 697: ddffffffff
< 698: ddffffffffff
< 699: ddffffffffffff
< 700: ddffffffffffffff
< 701: ddffffffffffffffff
< 702: ddffffffffffffffffff
< 703: ddgg
< 704: ddgggg
< 705: ddgggggg
< 706: ddgggggggg
< 707: ddgggggggggg
< 708: ddgggggggggggg
< 709: ddgggggggggggggg
< 710: ddgggggggggggggggg
< 711: ddgggggggggggggggggg
< 712: ddhh
< 713: ddhhhh
< 714: ddhhhhhh
< 715: ddhhhhhhhh
< 716: ddhhhhhhhhhh
< 717: ddhhhhhhhhhhhh
< 718: ddhhhhhhhhhhhhhh
< 719: ddhhhhhhhhhhhhhhhh
< 720: ddhhhhhhhhhhhhhhhhhh
< 721: ddii
< 722: ddiiii
< 723: ddiiiiii
< 724: ddiiiiiiii
< 725: ddiiiiiiiiii
< 726: ddiiiiiiiiiiii
< 727: ddiiiiiiiiiiiiii
< 728: ddiiiiiiiiiiiiiiii
< 729: ddiiiiiiiiiiiiiiiiii
< 730: ddjj
< 731: ddjjjj
< 732: ddjjjjjj
< 733: ddjjjjjjjj
< 734: ddjjjjjjjjjj
< 735: ddjjjjjjjjjjjj
< 736: ddjjjjjjjjjjjjjj
< 737: ddjjjjjjjjjjjjjjjj
< 738: ddjjjjjjjjjjjjjjjjjj
< 739: ddkk
< 740: ddkkkk
< 741: ddkkkkkk
< 742: ddkkkkkkkk
< 743: ddkkkkkkkkkk
< 744: ddkkkkkkkkkkkk
< 745: ddkkkkkkkkkkkkkk
< 746: ddkkkkkkkkkkkkkkkk
< 747: ddkkkkkkkkkkkkkkkkkk
< 748: ddll
< 749: ddllll
< 750: ddllllll
< 751: ddllllllll
< 752: ddllllllllll
< 753: ddllllllllllll
< 754: ddllllllllllllll
< 755: ddllllllllllllllll
< 756: ddllllllllllllllllll
< 757: ddmm
< 758: ddmmmm
< 759: ddmmmmmm
< 760: ddmmmmmmmm
< 761: ddmmmmmmmmmm
< 762: ddmmmmmmmmmmmm
< 763: ddmmmmmmmmmmmmmm
< 764: ddmmmmmmmmmmmmmmmm
< 765: ddmmmmmmmmmmmmmmmmmm
< 766: ddnn
< 767: ddnnnn
< 768: ddnnnnnn
< 769: ddnnnnnnnn
< 770: ddnnnnnnnnnn
< 771: ddnnnnnnnnnnnn
< 772: ddnnnnnnnnnnnnnn
< 773: ddnnnnnnnnnnnnnnnn
< 774: ddnnnnnnnnnnnnnnnnnn
< 775: ddoo
< 776: ddoooo
< 777: ddoooooo
< 778: ddoooooooo
< 779: ddoooooooooo
< 780: ddoooooooooooo
< 781: ddoooooooooooooo
< 782: ddoooooooooooooooo
< 783: ddoooooooooooooooooo
< 784: ddpp
< 785: ddpppp
< 786: ddpppppp
< 787: ddpppppppp
< 788: ddpppppppppp
< 789: ddpppppppppppp
< 790: ddpppppppppppppp
< 791: ddpppppppppppppppp
< 792: ddpppppppppppppppppp
< 793: ddqq
< 794: ddqqqq
< 795: ddqqqqqq
< 796: ddqqqqqqqq
< 797: ddqqqqqqqqqq
< 798: ddqqqqqqqqqqqq
< 799: ddqqqqqqqqqqqqqq
< 800: ddqqqqqqqqqqqqqqqq
< 801: ddqqqqqqqqqqqqqqqqqq
< 802: ddrr
< 803: ddrrrr
< 804: ddrrrrrr
< 805: ddrrrrrrrr
< 806: ddrrrrrrrrrr
< 807: ddrrrrrrrrrrrr
< 808: ddrrrrrrrrrrrrrr
< 809: ddrrrrrrrrrrrrrrrr
< 810: ddrrrrrrrrrrrrrrrrrr
< 811: ddss
< 812: ddssss
< 813: ddssssss
< 814: ddssssssss
< 815: ddssssssssss
< 816: ddssssssssssss
< 817: ddssssssssssssss
< 818: ddssssssssssssssss
< 819: ddssssssssssssssssss
< 820: ddtt
< 821: ddtttt
< 822: ddtttttt
< 823: ddtttttttt
< 824: ddtttttttttt
< 825: ddtttttttttttt
< 826: ddtttttttttttttt
< 827: ddtttttttttttttttt
< 828: ddtttttttttttttttttt
< 829: dduu
< 830: dduuuu
< 831: dduuuuuu
< 832: dduuuuuuuu
< 833: dduuuuuuuuuu
< 834: dduuuuuuuuuuuu
< 835: dduuuuuuuuuuuuuu
< 836: dduuuuuuuuuuuuuuuu
< 837: dduuuuuuuuuuuuuuuuuu
< 838: ddvv
< 839: ddvvvv
< 840: ddvvvvvv
< 841: ddvvvvvvvv
< 842: ddvvvvvvvvvv
< 843: ddvvvvvvvvvvvv
< 844: ddvvvvvvvvvvvvvv
< 845: ddvvvvvvvvvvvvvvvv
< 846: ddvvvvvvvvvvvvvvvvvv
< 847: ddww
< 848: ddwwww
< 849: ddwwwwww
< 850: ddwwwwwwww
< 851: ddwwwwwwwwww
< 852: ddwwwwwwwwwwww
< 853: ddwwwwwwwwwwwwww
< 854: ddwwwwwwwwwwwwwwww
< 855: ddwwwwwwwwwwwwwwwwww
< 856: ddxx
< 857: ddxxxx
< 858: ddxxxxxx
< 859: ddxxxxxxxx
< 860: ddxxxxxxxxxx
< 861: ddxxxxxxxxxxxx
< 862: ddxxxxxxxxxxxxxx
< 863: ddxxxxxxxxxxxxxxxx
< 864: ddxxxxxxxxxxxxxxxxxx
< 865: ddyy
< 866: ddyyyy
< 867: ddyyyyyy
< 868: ddyyyyyyyy
< 869: ddyyyyyyyyyy
< 870: ddyyyyyyyyyyyy
< 871: ddyyyyyyyyyyyyyy
< 872: ddyyyyyyyyyyyyyyyy
< 873: ddyyyyyyyyyyyyyyyyyy
< 874: ddzz
< 875: ddzzzz
< 876: ddzzzzzz
< 877: ddzzzzzzzz
< 878: ddzzzzzzzzzz
< 879: ddzzzzzzzzzzzz
< 880: ddzzzzzzzzzzzzzz
< 881: ddzzzzzzzzzzzzzzzz
< 882: ddzzzzzzzzzzzzzzzzzz
Test "case-34"
Test "case-35"
Test "case-36"
